// Vitest Snapshot v1, https://vitest.dev/guide/snapshot.html

exports[`MyAwesomeApp > should match snapshot 1`] = `
<div>
  <h1
    data-testid="first-name-title"
  >
    Joaquin
  </h1>
  <h3>
    Aldunate
  </h3>
  <p>
     
    a, b, c
  </p>
  <h1>
    activo
  </h1>
  <p
    style="background-color: lightblue; border-radius: 10px; padding: 20px; margin-top: 30px;"
  >
    {"city":"Santiago","zip":"ABC-123"}
  </p>
</div>
`;
